// Jest Snapshot v1, https://goo.gl/fbAQLP

exports[`<Character /> should match snapshot 1`] = `
<div
  class="Character"
  data-testid="CharacterDiv"
>
  <img
    alt="Rick Sanchez"
    src="img/img.jpg"
  />
  <div
    class="shadow"
  />
  <div
    class="Character-info"
  >
    <h3>
      RICK SANCHEZ
    </h3>
    <p>
      Human
    </p>
  </div>
</div>
`;
