// Jest Snapshot v1, https://goo.gl/fbAQLP

exports[`<Header /> should match snapshot 1`] = `
<header
  class="Header"
>
  <span>
    Rick & Morty
  </span>
</header>
`;
